---
source: lib/src/registry_to_graph.rs
expression: formatted
---
Dependency Graph
├── GetFullUser (fixtures/valid/nested_fragments_protected.ts)
|   └── Selections:
|       └── Field: user
|           └── Fragment: UserDetails
|               ├── Fragment: UserBasicInfo
|               |   ├── Field: id
|               |   ├── Field: name
|               |   └── Field: email
|               ├── Fragment: UserAvatar [Catch 🧤]
|               |   ├── Field: avatar
|               |   └── Fragment: avatarImage [ThrowOnFieldError ☄️]
|               |       ├── Field: avatar
|               |       └── Field: avatarUrl
|               └── Field: details [Catch 🧤]
|                   └── Field: bio [ThrowOnFieldError ☄️]
|                       └── Fragment: UserBio
|                           ├── Field: bioText
|                           └── Field: bioImage [ThrowOnFieldError ☄️]
├── GetUserBasic (fixtures/valid/required_throw.ts)
|   ├── Directives:
|   |   └── Catch 🧤
|   └── Selections:
|       └── Field: user
|           ├── Field: id
|           ├── Field: name [RequiredThrow ☄️]
|           └── Field: email [RequiredThrow ☄️]
├── GetUserMixed (fixtures/valid/required_throw.ts)
|   ├── Directives:
|   |   └── Catch 🧤
|   └── Selections:
|       └── Field: user
|           ├── Field: id
|           ├── Field: name [RequiredThrow ☄️]
|           ├── Field: avatar [ThrowOnFieldError ☄️]
|           └── Field: email [RequiredThrow ☄️]
├── GetUserNested (fixtures/valid/required_throw.ts)
|   └── Selections:
|       └── Field: user
|           ├── Field: id
|           └── Field: profile [Catch 🧤]
|               ├── Field: displayName [RequiredThrow ☄️]
|               ├── Field: bio [RequiredThrow ☄️]
|               └── Field: avatar
|                   └── Field: url [ThrowOnFieldError ☄️]
├── GetUserProfile (fixtures/valid/required_throw.ts)
|   └── Selections:
|       └── Field: user [Catch 🧤]
|           ├── Field: id
|           ├── Field: name [RequiredThrow ☄️]
|           ├── Field: avatar [RequiredThrow ☄️]
|           └── Field: bio
└── GetUserWithRiskyData (fixtures/valid/fragment_level_catch.ts)
    ├── Directives:
    |   └── Catch 🧤
    └── Selections:
        └── Field: user
            ├── Field: id
            ├── Field: name
            └── Field: friends [ThrowOnFieldError ☄️]
                └── Fragment: RiskyUserData [Catch 🧤]
                    ├── Field: sensitiveInfo [ThrowOnFieldError ☄️]
                    ├── Field: backupEmail [ThrowOnFieldError ☄️]
                    └── Field: internalId
