---
source: lib/src/validate_registry.rs
expression: result_message
---
Edge case validation result:
❌ Found 5 validation errors:



🚨 Unprotected @throwOnFieldError

query: AdditionalQueryEdgeCase fixtures/edge_cases/additional-queries.ts:7:21

Query Structure:
📄 Query: AdditionalQueryEdgeCase (fixtures/edge_cases/additional-queries.ts)
└── 🔍 Selections:
    └── 🔹 Field: user
        ├── 🔹 Field: id
        └── 🔹 Field: importedField ❌ [☄️ @throwOnFieldError]
--------------------------------------------------------------------------------


🚨 Unprotected @throwOnFieldError

query: GetUserLogAction fixtures/edge_cases/required_variants.ts:9:13

Query Structure:
📄 Query: GetUserLogAction (fixtures/edge_cases/required_variants.ts)
└── 🔍 Selections:
    └── 🔹 Field: user
        ├── 🔹 Field: id
        ├── 🔹 Field: name
        └── 🔹 Field: email ❌ [☄️ @requiredThrow, 🧤 @catch]
--------------------------------------------------------------------------------


🚨 Unprotected @throwOnFieldError

query: GetUserNoAction fixtures/edge_cases/required_variants.ts:20:13

Query Structure:
📄 Query: GetUserNoAction (fixtures/edge_cases/required_variants.ts)
└── 🔍 Selections:
    └── 🔹 Field: user
        ├── 🔹 Field: id
        ├── 🔹 Field: name
        └── 🔹 Field: email ❌ [☄️ @requiredThrow, 🧤 @catch]
--------------------------------------------------------------------------------


🚨 Unprotected @throwOnFieldError

query: GetUserOtherActions fixtures/edge_cases/required_variants.ts:32:11

Query Structure:
📄 Query: GetUserOtherActions (fixtures/edge_cases/required_variants.ts)
└── 🔍 Selections:
    └── 🔹 Field: user
        ├── 🔹 Field: id
        ├── 🔹 Field: name
        ├── 🔹 Field: email
        └── 🔹 Field: bio ❌ [☄️ @requiredThrow, 🧤 @catch]
--------------------------------------------------------------------------------


🚨 Unprotected @throwOnFieldError

query: StaticDynamicQueryEdge fixtures/edge_cases/dynamic_imports.tsx:40:22

Query Structure:
📄 Query: StaticDynamicQueryEdge (fixtures/edge_cases/dynamic_imports.tsx)
└── 🔍 Selections:
    └── 🔹 Field: user
        ├── 🔹 Field: id
        └── 🔹 Field: dynamicField ❌ [☄️ @throwOnFieldError]
