---
source: lib/src/validate.rs
expression: result_message
---
Validation Result:
❌ Found 8 validation errors:



🚨 Unprotected @throwOnFieldError

Query: GetFullUserUnprotected (fixtures/invalid/unprotected_nested.ts)
Location: UserBasicInfoUnprotected.name

Query Structure:
📄 Query: GetFullUserUnprotected (fixtures/invalid/unprotected_nested.ts)
└── 🔍 Selections:
    └── 🔹 Field: user
        └── 🧩 Fragment: UserDetailsUnprotected ❌
            ├── 🧩 Fragment: UserBasicInfoUnprotected ❌
            |   ├── 🔹 Field: id
            |   ├── 🔹 Field: name ❌ [☄️ @ThrowOnFieldError]
            |   └── 🔹 Field: email
            ├── 🧩 Fragment: UserAvatarUnprotected [☄️ @ThrowOnFieldError]
            |   ├── 🔹 Field: avatar
            |   └── 🔹 Field: avatarUrl
            └── 🔹 Field: bio
--------------------------------------------------------------------------------


🚨 Unprotected @throwOnFieldError

Query: GetFullUserUnprotected (fixtures/invalid/unprotected_nested.ts)
Location: UserDetailsUnprotected...UserAvatarUnprotected

Query Structure:
📄 Query: GetFullUserUnprotected (fixtures/invalid/unprotected_nested.ts)
└── 🔍 Selections:
    └── 🔹 Field: user
        └── 🧩 Fragment: UserDetailsUnprotected ❌
            ├── 🧩 Fragment: UserBasicInfoUnprotected
            |   ├── 🔹 Field: id
            |   ├── 🔹 Field: name [☄️ @ThrowOnFieldError]
            |   └── 🔹 Field: email
            ├── 🧩 Fragment: UserAvatarUnprotected ❌ [☄️ @ThrowOnFieldError]
            |   ├── 🔹 Field: avatar
            |   └── 🔹 Field: avatarUrl
            └── 🔹 Field: bio
--------------------------------------------------------------------------------


🚨 Unprotected @throwOnFieldError

Query: GetUserMixedUnprotected (fixtures/invalid/unprotected_required_throw.ts)
Location: name

Query Structure:
📄 Query: GetUserMixedUnprotected (fixtures/invalid/unprotected_required_throw.ts)
└── 🔍 Selections:
    └── 🔹 Field: user
        ├── 🔹 Field: id
        ├── 🔹 Field: name ❌ [☄️ @RequiredThrow]
        └── 🔹 Field: avatar [☄️ @ThrowOnFieldError]
--------------------------------------------------------------------------------


🚨 Unprotected @throwOnFieldError

Query: GetUserMixedUnprotected (fixtures/invalid/unprotected_required_throw.ts)
Location: avatar

Query Structure:
📄 Query: GetUserMixedUnprotected (fixtures/invalid/unprotected_required_throw.ts)
└── 🔍 Selections:
    └── 🔹 Field: user
        ├── 🔹 Field: id
        ├── 🔹 Field: name [☄️ @RequiredThrow]
        └── 🔹 Field: avatar ❌ [☄️ @ThrowOnFieldError]
--------------------------------------------------------------------------------


🚨 Unprotected @throwOnFieldError

Query: GetUserPartial (fixtures/invalid/unprotected_required_throw.ts)
Location: name

Query Structure:
📄 Query: GetUserPartial (fixtures/invalid/unprotected_required_throw.ts)
└── 🔍 Selections:
    ├── 🔹 Field: user [🧤 @Catch]
    |   ├── 🔹 Field: id
    |   ├── 🔹 Field: name ❌ [☄️ @RequiredThrow]
    |   └── 🔹 Field: email
    └── 🔹 Field: user
        └── 🔹 Field: name ❌ [☄️ @RequiredThrow]
--------------------------------------------------------------------------------


🚨 Unprotected @throwOnFieldError

Query: GetUserProfileUnprotected (fixtures/invalid/missing_catch.tsx)
Location: avatar

Query Structure:
📄 Query: GetUserProfileUnprotected (fixtures/invalid/missing_catch.tsx)
└── 🔍 Selections:
    └── 🔹 Field: user
        ├── 🔹 Field: id
        ├── 🔹 Field: name
        ├── 🔹 Field: avatar ❌ [☄️ @ThrowOnFieldError]
        └── 🔹 Field: email
--------------------------------------------------------------------------------


🚨 Unprotected @throwOnFieldError

Query: GetUserUnprotected (fixtures/invalid/unprotected_required_throw.ts)
Location: name

Query Structure:
📄 Query: GetUserUnprotected (fixtures/invalid/unprotected_required_throw.ts)
└── 🔍 Selections:
    └── 🔹 Field: user
        ├── 🔹 Field: id
        ├── 🔹 Field: name ❌ [☄️ @RequiredThrow]
        └── 🔹 Field: email
--------------------------------------------------------------------------------


🚨 Unprotected @throwOnFieldError

Query: MixedQuery (fixtures/invalid/partial_protection.ts)
Location: UnprotectedFragment.riskyField

Query Structure:
📄 Query: MixedQuery (fixtures/invalid/partial_protection.ts)
└── 🔍 Selections:
    └── 🔹 Field: user
        ├── 🔹 Field: id
        ├── 🧩 Fragment: ProtectedFragment [🧤 @Catch]
        |   ├── 🔹 Field: sensitiveData [☄️ @ThrowOnFieldError]
        |   └── 🔹 Field: otherData
        └── 🧩 Fragment: UnprotectedFragment ❌
            ├── 🔹 Field: riskyField ❌ [☄️ @ThrowOnFieldError]
            └── 🔹 Field: normalField
