---
source: lib/src/parsers/typescript_parser.rs
expression: result
---
File: fixtures/edge_cases/additional-queries.ts
GraphQL strings found: 2

=== GraphQL String 1 ===
BytePos: 66
Content:

  query AdditionalQueryEdgeCase($id: ID!) {
    user(id: $id) {
      id
      importedField @throwOnFieldError  # Some Comment
    }
  }


=== GraphQL String 2 ===
BytePos: 242
Content:

  query GraphQLQuery($id: ID!) @catch {
    user(id: $id) {
      id
      protectedField @throwOnFieldError
    }
  }


---

File: fixtures/edge_cases/circular_fragments.ts
GraphQL strings found: 3

=== GraphQL String 1 ===
BytePos: 53
Content:

  fragment FragmentACircular on User {
    id
    name
    ...FragmentBCircular
  }


=== GraphQL String 2 ===
BytePos: 165
Content:

  fragment FragmentBCircular on User {
    email
    bio
    ...FragmentACircular  # Circular reference
  }


=== GraphQL String 3 ===
BytePos: 305
Content:

  query CircularQueryTest($id: ID!) {
    user(id: $id) {
      ...FragmentACircular
    }
  }


---

File: fixtures/edge_cases/commented_graphql.ts
GraphQL strings found: 1

=== GraphQL String 1 ===
BytePos: 219
Content:

  query ValidQueryCommented($id: ID!) @catch {
    user(id: $id) {
      id
      name
      # This field comment should not affect parsing
      avatar @throwOnFieldError  # Protected by query-level @catch
    }
  }


---

File: fixtures/edge_cases/dynamic_imports.tsx
GraphQL strings found: 2

=== GraphQL String 1 ===
BytePos: 105
Content:

  query BaseQueryDynamic($id: ID!) @catch {
    user(id: $id) {
      id
      name
      dynamicField @throwOnFieldError
    }
  }


=== GraphQL String 2 ===
BytePos: 978
Content:

    query StaticDynamicQueryEdge($id: ID!) {
      user(id: $id) {
        id
        dynamicField @throwOnFieldError  # This should be flagged as unprotected
      }
    }
  

---

File: fixtures/edge_cases/required_variants.ts
GraphQL strings found: 6

=== GraphQL String 1 ===
BytePos: 118
Content:

  query GetUserLogAction($id: ID!) {
    user(id: $id) {
      id
      name @required(action: LOG)
      email @required(action: THROW) @catch
    }
  }


=== GraphQL String 2 ===
BytePos: 359
Content:

  query GetUserNoAction($id: ID!) {
    user(id: $id) {
      id
      name @required
      email @required(action: THROW) @catch
    }
  }


=== GraphQL String 3 ===
BytePos: 591
Content:

  query GetUserOtherActions($id: ID!) {
    user(id: $id) {
      id
      name @required(action: WARN)
      email @required(action: NONE)
      bio @required(action: THROW) @catch
    }
  }


=== GraphQL String 4 ===
BytePos: 867
Content:

  query GetUserComplex($id: ID!) @catch {
    user(id: $id) {
      id
      profile {
        name @required(action: LOG)
        displayName @required(action: THROW)
        avatar @throwOnFieldError
        bio @catch {
          text @required(action: THROW)
          lastModified @required(action: WARN)
        }
      }
    }
  }


=== GraphQL String 5 ===
BytePos: 1278
Content:

  fragment UserInfo on User {
    name @required(action: LOG)
    email @required(action: THROW)
    avatar @throwOnFieldError
  }


=== GraphQL String 6 ===
BytePos: 1449
Content:

  query GetUserWithFragment($id: ID!) {
    user(id: $id) @catch {
      id
      ...UserInfo
    }
  }
