---
source: lib/src/parsers/graphql_parser.rs
expression: result
---
File: fixtures/invalid/missing_catch.tsx
GraphQL AST items: 1

=== AST Item 1 ===
Type: Query
Name: GetUserProfileUnprotected
File: fixtures/invalid/missing_catch.tsx
Directives: 0
Selections: 1
    - Field: user
      - Field: id
      - Field: name
      - Field: avatar [ThrowOnFieldError ☄️]
      - Field: email

---

File: fixtures/invalid/partial_protection.ts
GraphQL AST items: 1

=== AST Item 1 ===
Type: Fragment
Name: ProtectedFragment
File: fixtures/invalid/partial_protection.ts
Directives: 1
  - Catch 🧤
Type Condition: on User
Selections: 2
    - Field: sensitiveData [ThrowOnFieldError ☄️]
    - Field: otherData

---

File: fixtures/invalid/partial_protection.ts
GraphQL AST items: 1

=== AST Item 1 ===
Type: Fragment
Name: UnprotectedFragment
File: fixtures/invalid/partial_protection.ts
Directives: 0
Type Condition: on User
Selections: 2
    - Field: riskyField [ThrowOnFieldError ☄️]
    - Field: normalField

---

File: fixtures/invalid/partial_protection.ts
GraphQL AST items: 1

=== AST Item 1 ===
Type: Query
Name: MixedQuery
File: fixtures/invalid/partial_protection.ts
Directives: 0
Selections: 1
    - Field: user
      - Field: id
      - FragmentSpread: ProtectedFragment
      - FragmentSpread: UnprotectedFragment

---

File: fixtures/invalid/unprotected_nested.ts
GraphQL AST items: 1

=== AST Item 1 ===
Type: Fragment
Name: UserBasicInfoUnprotected
File: fixtures/invalid/unprotected_nested.ts
Directives: 0
Type Condition: on User
Selections: 3
    - Field: id
    - Field: name [ThrowOnFieldError ☄️]
    - Field: email

---

File: fixtures/invalid/unprotected_nested.ts
GraphQL AST items: 1

=== AST Item 1 ===
Type: Fragment
Name: UserAvatarUnprotected
File: fixtures/invalid/unprotected_nested.ts
Directives: 1
  - ThrowOnFieldError ☄️
Type Condition: on User
Selections: 2
    - Field: avatar
    - Field: avatarUrl

---

File: fixtures/invalid/unprotected_nested.ts
GraphQL AST items: 1

=== AST Item 1 ===
Type: Fragment
Name: UserDetailsUnprotected
File: fixtures/invalid/unprotected_nested.ts
Directives: 0
Type Condition: on User
Selections: 3
    - FragmentSpread: UserBasicInfoUnprotected
    - FragmentSpread: UserAvatarUnprotected
    - Field: bio

---

File: fixtures/invalid/unprotected_nested.ts
GraphQL AST items: 1

=== AST Item 1 ===
Type: Query
Name: GetFullUserUnprotected
File: fixtures/invalid/unprotected_nested.ts
Directives: 0
Selections: 1
    - Field: user
      - FragmentSpread: UserDetailsUnprotected
