---
source: lib/src/parsers/typescript_parser.rs
expression: result
---
File: fixtures/invalid/missing_catch.tsx
GraphQL strings found: 1

=== GraphQL String 1 ===
BytePos: 71
Content:

  query GetUserProfileUnprotected($id: ID!) {
    user(id: $id) {
      id
      name
      avatar @throwOnFieldError
      email
    }
  }


---

File: fixtures/invalid/partial_protection.ts
GraphQL strings found: 3

=== GraphQL String 1 ===
BytePos: 61
Content:

  fragment ProtectedFragment on User @catch {
    sensitiveData @throwOnFieldError
    otherData
  }


=== GraphQL String 2 ===
BytePos: 200
Content:

  fragment UnprotectedFragment on User {
    riskyField @throwOnFieldError
    normalField
  }


=== GraphQL String 3 ===
BytePos: 324
Content:

  query MixedQuery($id: ID!) {
    user(id: $id) {
      id
      ...ProtectedFragment
      ...UnprotectedFragment
    }
  }


---

File: fixtures/invalid/unprotected_nested.ts
GraphQL strings found: 4

=== GraphQL String 1 ===
BytePos: 70
Content:

  fragment UserBasicInfoUnprotected on User {
    id
    name @throwOnFieldError
    email
  }


=== GraphQL String 2 ===
BytePos: 206
Content:

  fragment UserAvatarUnprotected on User @throwOnFieldError {
    avatar
    avatarUrl
  }


=== GraphQL String 3 ===
BytePos: 339
Content:

  fragment UserDetailsUnprotected on User {
    ...UserBasicInfoUnprotected
    ...UserAvatarUnprotected
    bio
  }


=== GraphQL String 4 ===
BytePos: 499
Content:

  query GetFullUserUnprotected($id: ID!) {
    user(id: $id) {
      ...UserDetailsUnprotected
    }
  }


---

File: fixtures/invalid/unprotected_required_throw.ts
GraphQL strings found: 3

=== GraphQL String 1 ===
BytePos: 132
Content:

  query GetUserUnprotected($id: ID!) {
    user(id: $id) {
      id
      name @required(action: THROW)
      email
    }
  }


=== GraphQL String 2 ===
BytePos: 345
Content:

  query GetUserPartial($id: ID!) {
    user(id: $id) @catch {
      id
      name @required(action: THROW)  # ✅ Protected
      email
    }
    otherUser: user(id: "other") {
      name @required(action: THROW)  # ❌ Unprotected
    }
  }


=== GraphQL String 3 ===
BytePos: 667
Content:

  query GetUserMixedUnprotected($id: ID!) {
    user(id: $id) {
      id
      name @required(action: THROW)  # ❌ Unprotected
      avatar @throwOnFieldError      # ❌ Unprotected
    }
  }
