---
source: lib/src/parsers/graphql_parser.rs
expression: result
---
File: fixtures/valid/fragment_level_catch.ts
GraphQL AST items: 1

=== AST Item 1 ===
Type: Fragment
Name: RiskyUserData
File: fixtures/valid/fragment_level_catch.ts
Directives: 1
  - Catch 🧤 (4:34)
Type Condition: on User
Selections: 3
    - Field: sensitiveInfo [ThrowOnFieldError ☄️ (5:19)]
    - Field: backupEmail [ThrowOnFieldError ☄️ (6:17)]
    - Field: internalId

---

File: fixtures/valid/fragment_level_catch.ts
GraphQL AST items: 1

=== AST Item 1 ===
Type: Query
Name: GetUserWithRiskyData
File: fixtures/valid/fragment_level_catch.ts
Directives: 1
  - Catch 🧤 (12:40)
Selections: 1
    - Field: user
      - Field: id
      - Field: name
      - Field: friends [ThrowOnFieldError ☄️ (16:15)]
        - FragmentSpread: RiskyUserData

---

File: fixtures/valid/ignore_comments.ts
GraphQL AST items: 1

=== AST Item 1 ===
Type: Query
Name: GetUserFieldCatch
File: fixtures/valid/ignore_comments.ts
Directives: 0
Selections: 2
    - Field: user
      - Field: id
      - Field: name
    - Field: otherUser
      - Field: avatar

---

File: fixtures/valid/ignore_comments.ts
GraphQL AST items: 1

=== AST Item 1 ===
Type: Query
Name: GetUserFieldIgnoreWithFragment
File: fixtures/valid/ignore_comments.ts
Directives: 0
Selections: 1
    - Field: user
      - FragmentSpread: userFieldsWithIgnore

---

File: fixtures/valid/ignore_comments.ts
GraphQL AST items: 1

=== AST Item 1 ===
Type: Fragment
Name: userFieldsWithIgnore
File: fixtures/valid/ignore_comments.ts
Directives: 0
Type Condition: on User
Selections: 1
    - Field: id
      - Field: name

---

File: fixtures/valid/ignore_comments.ts
GraphQL AST items: 1

=== AST Item 1 ===
Type: Fragment
Name: userFieldsWithIgnoreInline
File: fixtures/valid/ignore_comments.ts
Directives: 0
Type Condition: on User
Selections: 1
    - Field: answers
      - InlineFragment on on BlogPageCompetitionSelectionAnswer
        - Field: id
        - Field: text
        - Field: participantCount
        - Field: selectedOption
        - Field: submissionDate
        - Field: contestId

---

File: fixtures/valid/nested_fragments_protected.ts
GraphQL AST items: 1

=== AST Item 1 ===
Type: Fragment
Name: UserBasicInfo
File: fixtures/valid/nested_fragments_protected.ts
Directives: 0
Type Condition: on User
Selections: 3
    - Field: id
    - Field: name
    - Field: email

---

File: fixtures/valid/nested_fragments_protected.ts
GraphQL AST items: 1

=== AST Item 1 ===
Type: Fragment
Name: avatarImage
File: fixtures/valid/nested_fragments_protected.ts
Directives: 1
  - ThrowOnFieldError ☄️ (12:32)
Type Condition: on User
Selections: 2
    - Field: avatar
    - Field: avatarUrl

---

File: fixtures/valid/nested_fragments_protected.ts
GraphQL AST items: 1

=== AST Item 1 ===
Type: Fragment
Name: UserAvatar
File: fixtures/valid/nested_fragments_protected.ts
Directives: 1
  - Catch 🧤 (19:31)
Type Condition: on User
Selections: 2
    - Field: avatar
    - FragmentSpread: avatarImage

---

File: fixtures/valid/nested_fragments_protected.ts
GraphQL AST items: 1

=== AST Item 1 ===
Type: Fragment
Name: UserBio
File: fixtures/valid/nested_fragments_protected.ts
Directives: 0
Type Condition: on User
Selections: 2
    - Field: bioText
    - Field: bioImage [ThrowOnFieldError ☄️ (28:14)]

---

File: fixtures/valid/nested_fragments_protected.ts
GraphQL AST items: 1

=== AST Item 1 ===
Type: Fragment
Name: UserDetails
File: fixtures/valid/nested_fragments_protected.ts
Directives: 0
Type Condition: on User
Selections: 3
    - FragmentSpread: UserBasicInfo
    - FragmentSpread: UserAvatar
    - Field: details [Catch 🧤 (36:13)]
      - Field: bio [ThrowOnFieldError ☄️ (37:11)]
        - FragmentSpread: UserBio

---

File: fixtures/valid/nested_fragments_protected.ts
GraphQL AST items: 1

=== AST Item 1 ===
Type: Query
Name: GetFullUser
File: fixtures/valid/nested_fragments_protected.ts
Directives: 0
Selections: 1
    - Field: user
      - FragmentSpread: UserDetails

---

File: fixtures/valid/query_with_catch.tsx
GraphQL AST items: 1

=== AST Item 1 ===
Type: Query
Name: GetUserProfile
File: fixtures/valid/query_with_catch.tsx
Directives: 1
  - Catch 🧤 (4:34)
Selections: 1
    - Field: user
      - Field: id
      - Field: name
      - Field: avatar [ThrowOnFieldError ☄️ (8:14)]
      - Field: email

---

File: fixtures/valid/required_throw.ts
GraphQL AST items: 1

=== AST Item 1 ===
Type: Query
Name: GetUserBasic
File: fixtures/valid/required_throw.ts
Directives: 1
  - Catch 🧤 (5:32)
Selections: 1
    - Field: user
      - Field: id
      - Field: name [RequiredThrow ☄️ (8:12)]
      - Field: email [RequiredThrow ☄️ (9:13)]

---

File: fixtures/valid/required_throw.ts
GraphQL AST items: 1

=== AST Item 1 ===
Type: Query
Name: GetUserProfileFieldCatch
File: fixtures/valid/required_throw.ts
Directives: 0
Selections: 1
    - Field: user [Catch 🧤 (17:19)]
      - Field: id
      - Field: name [RequiredThrow ☄️ (19:12)]
      - Field: avatar [RequiredThrow ☄️ (20:14)]
      - Field: bio

---

File: fixtures/valid/required_throw.ts
GraphQL AST items: 1

=== AST Item 1 ===
Type: Query
Name: GetUserMixed
File: fixtures/valid/required_throw.ts
Directives: 1
  - Catch 🧤 (28:32)
Selections: 1
    - Field: user
      - Field: id
      - Field: name [RequiredThrow ☄️ (31:12)]
      - Field: avatar [ThrowOnFieldError ☄️ (32:14)]
      - Field: email [RequiredThrow ☄️ (33:13)]

---

File: fixtures/valid/required_throw.ts
GraphQL AST items: 1

=== AST Item 1 ===
Type: Query
Name: GetUserNested
File: fixtures/valid/required_throw.ts
Directives: 0
Selections: 1
    - Field: user
      - Field: id
      - Field: profile [Catch 🧤 (43:15)]
        - Field: displayName [RequiredThrow ☄️ (44:21)]
        - Field: bio [RequiredThrow ☄️ (45:13)]
        - Field: avatar
          - Field: url [ThrowOnFieldError ☄️ (47:15)]
